// Jest Snapshot v1, https://goo.gl/fbAQLP

exports[`cosmos currency bridge scanAccounts cosmos seed 1 1`] = `
[
  {
    "balance": "2663144",
    "currencyId": "cosmos",
    "derivationMode": "",
    "freshAddress": "cosmos1g84934jpu3v5de5yqukkkhxmcvsw3u2ajxvpdl",
    "freshAddressPath": "44'/118'/0'/0/0",
    "id": "js:2:cosmos:cosmos1g84934jpu3v5de5yqukkkhxmcvsw3u2ajxvpdl:",
    "index": 0,
    "name": "Cosmos 1",
    "nfts": undefined,
    "pendingOperations": [],
    "seedIdentifier": "0388459b2653519948b12492f1a0b464720110c147a8155d23d423a5cc3c21d89a",
    "spendableBalance": "1106536",
    "starred": false,
    "swapHistory": [],
    "syncHash": undefined,
    "unitMagnitude": 6,
    "used": true,
    "xpub": "cosmos1g84934jpu3v5de5yqukkkhxmcvsw3u2ajxvpdl",
  },
  {
    "balance": "108924",
    "currencyId": "cosmos",
    "derivationMode": "",
    "freshAddress": "cosmos108uy5q9jt59gwugq5yrdhkzcd9jryslmpcstk5",
    "freshAddressPath": "44'/118'/1'/0/0",
    "id": "js:2:cosmos:cosmos108uy5q9jt59gwugq5yrdhkzcd9jryslmpcstk5:",
    "index": 1,
    "name": "Cosmos 2",
    "nfts": undefined,
    "pendingOperations": [],
    "seedIdentifier": "0388459b2653519948b12492f1a0b464720110c147a8155d23d423a5cc3c21d89a",
    "spendableBalance": "1424",
    "starred": false,
    "swapHistory": [],
    "syncHash": undefined,
    "unitMagnitude": 6,
    "used": true,
    "xpub": "cosmos108uy5q9jt59gwugq5yrdhkzcd9jryslmpcstk5",
  },
  {
    "balance": "283297",
    "currencyId": "cosmos",
    "derivationMode": "",
    "freshAddress": "cosmos1cgc696ay2pg6d4gcejek2y8la66j7e5y3c7kyw",
    "freshAddressPath": "44'/118'/2'/0/0",
    "id": "js:2:cosmos:cosmos1cgc696ay2pg6d4gcejek2y8la66j7e5y3c7kyw:",
    "index": 2,
    "name": "Cosmos 3",
    "nfts": undefined,
    "pendingOperations": [],
    "seedIdentifier": "0388459b2653519948b12492f1a0b464720110c147a8155d23d423a5cc3c21d89a",
    "spendableBalance": "15348",
    "starred": false,
    "swapHistory": [],
    "syncHash": undefined,
    "unitMagnitude": 6,
    "used": true,
    "xpub": "cosmos1cgc696ay2pg6d4gcejek2y8la66j7e5y3c7kyw",
  },
  {
    "balance": "0",
    "currencyId": "cosmos",
    "derivationMode": "",
    "freshAddress": "cosmos14tg4vsd0q745fxhzn329pkx0krqtszcxyzl5ku",
    "freshAddressPath": "44'/118'/3'/0/0",
    "id": "js:2:cosmos:cosmos14tg4vsd0q745fxhzn329pkx0krqtszcxyzl5ku:",
    "index": 3,
    "name": "Cosmos 4",
    "nfts": undefined,
    "pendingOperations": [],
    "seedIdentifier": "0388459b2653519948b12492f1a0b464720110c147a8155d23d423a5cc3c21d89a",
    "spendableBalance": "0",
    "starred": false,
    "swapHistory": [],
    "syncHash": undefined,
    "unitMagnitude": 6,
    "used": true,
    "xpub": "cosmos14tg4vsd0q745fxhzn329pkx0krqtszcxyzl5ku",
  },
  {
    "balance": "13833",
    "currencyId": "cosmos",
    "derivationMode": "",
    "freshAddress": "cosmos18q6ad294dw5wf7nueq7ctleehxh9fgt8dcecr9",
    "freshAddressPath": "44'/118'/4'/0/0",
    "id": "js:2:cosmos:cosmos18q6ad294dw5wf7nueq7ctleehxh9fgt8dcecr9:",
    "index": 4,
    "name": "Cosmos 5",
    "nfts": undefined,
    "pendingOperations": [],
    "seedIdentifier": "0388459b2653519948b12492f1a0b464720110c147a8155d23d423a5cc3c21d89a",
    "spendableBalance": "13833",
    "starred": false,
    "swapHistory": [],
    "syncHash": undefined,
    "unitMagnitude": 6,
    "used": true,
    "xpub": "cosmos18q6ad294dw5wf7nueq7ctleehxh9fgt8dcecr9",
  },
  {
    "balance": "0",
    "currencyId": "cosmos",
    "derivationMode": "",
    "freshAddress": "cosmos1uh39jx0dva8upvqqqh690rht2vn68zt9wmmhq4",
    "freshAddressPath": "44'/118'/5'/0/0",
    "id": "js:2:cosmos:cosmos1uh39jx0dva8upvqqqh690rht2vn68zt9wmmhq4:",
    "index": 5,
    "name": "Cosmos 6",
    "nfts": undefined,
    "pendingOperations": [],
    "seedIdentifier": "0388459b2653519948b12492f1a0b464720110c147a8155d23d423a5cc3c21d89a",
    "spendableBalance": "0",
    "starred": false,
    "swapHistory": [],
    "syncHash": undefined,
    "unitMagnitude": 6,
    "used": false,
    "xpub": "cosmos1uh39jx0dva8upvqqqh690rht2vn68zt9wmmhq4",
  },
]
`;

exports[`cosmos currency bridge scanAccounts cosmos seed 1 2`] = `
[
  [],
  [],
  [],
  [],
  [],
  [],
]
`;
